
> multilevel_marketing@0.1.0 build
> next build

Γû▓ Next.js 16.1.4 (Turbopack)
- Environments: .env

  Creating an optimized production build ...
node.exe : 
At line:1 char:1
+ & 
"C:\nvm4w\nodejs/node.exe" "
C:\nvm4w\nodejs/node_modules
/npm/bin/np ...
+ ~~~~~~~~~~~~~~~~~~~~~~~~~~
~~~~~~~~~~~~~~~~~~~~~~~~~~~~
~~~~~~~~~~~~~~~
    + CategoryInfo          
    : NotSpecified: (:Stri  
  ng) [], RemoteException
    + FullyQualifiedErrorId 
    : NativeCommandError
 
> Build error occurred
Error: Turbopack build 
failed with 2 errors:
./app/globals.css
Error evaluating Node.js 
code
Error: It looks like you're 
trying to use `tailwindcss` 
directly as a PostCSS 
plugin. The PostCSS plugin 
has moved to a separate 
package, so to continue 
using Tailwind CSS with 
PostCSS you'll need to 
install 
`@tailwindcss/postcss` and 
update your PostCSS 
configuration.
    [at lt (C:\2035-HMS\mult
ilevel_marketing\node_module
s\tailwindcss\dist\lib.js:38
:1643)]
    at turbopack:///[turbopa
ck-node]/transforms/postcss.
ts:56:14 [C:\2035-HMS\multil
evel_marketing\.next\build\c
hunks\[root-of-the-server]__
6d51cb5d._.js:165:20]
    [at <anonymous>]
    at Module.init (turbopac
k:///[turbopack-node]/transf
orms/postcss.ts:43:33) [C:\2
035-HMS\multilevel_marketing
\.next\build\chunks\[root-of
-the-server]__6d51cb5d._.js:
155:35]
    at run (turbopack:///[tu
rbopack-node]/ipc/evaluate.t
s:77:20) [C:\2035-HMS\multil
evel_marketing\.next\build\c
hunks\[root-of-the-server]__
44695d76._.js:429:26]
    [at process.processTicks
AndRejections (node:internal
/process/task_queues:105:5)]

Import trace:
  Client Component Browser:
    ./app/globals.css 
[Client Component Browser]
    ./app/layout.tsx 
[Server Component]


./app/admin/layout.tsx:1:1
Module not found: Can't 
resolve 
'@/components/Sidebar'
[0m[31m[1m>[22m[39m[90
m 1 |[39m [36mimport[39m 
{ [33mSidebar[39m } 
[36mfrom[39m [32m"@/compo
nents/Sidebar"[39m
 [90m   |[39m [31m[1m^[
22m[39m[31m[1m^[22m[39m
[31m[1m^[22m[39m[31m[1
m^[22m[39m[31m[1m^[22m
[39m[31m[1m^[22m[39m[31
m[1m^[22m[39m[31m[1m^[
22m[39m[31m[1m^[22m[39m
[31m[1m^[22m[39m[31m[1
m^[22m[39m[31m[1m^[22m
[39m[31m[1m^[22m[39m[31
m[1m^[22m[39m[31m[1m^[
22m[39m[31m[1m^[22m[39m
[31m[1m^[22m[39m[31m[1
m^[22m[39m[31m[1m^[22m
[39m[31m[1m^[22m[39m[31
m[1m^[22m[39m[31m[1m^[
22m[39m[31m[1m^[22m[39m
[31m[1m^[22m[39m[31m[1
m^[22m[39m[31m[1m^[22m
[39m[31m[1m^[22m[39m[31
m[1m^[22m[39m[31m[1m^[
22m[39m[31m[1m^[22m[39m
[31m[1m^[22m[39m[31m[1
m^[22m[39m[31m[1m^[22m
[39m[31m[1m^[22m[39m[31
m[1m^[22m[39m[31m[1m^[
22m[39m[31m[1m^[22m[39m
[31m[1m^[22m[39m[31m[1
m^[22m[39m[31m[1m^[22m
[39m[31m[1m^[22m[39m[31
m[1m^[22m[39m[31m[1m^[
22m[39m[31m[1m^[22m[39m
[31m[1m^[22m[39m[31m[1
m^[22m[39m
 [90m 2 |[39m 
[36mimport[39m { 
[33mBell[39m[33m,[39m 
[33mSearch[39m[33m,[39m 
[33mGlobe[39m[33m,[39m 
[33mUser[39m[33m,[39m [
33mSettings[39m[33m,[39m 
[33mPower[39m } 
[36mfrom[39m 
[32m"lucide-react"[39m
 [90m 3 |[39m
 [90m 4 |[39m 
[36mexport[39m 
[36mdefault[39m 
[36mfunction[39m 
[33mAdminLayout[39m({[0m

Import map: aliased to 
relative 
'./src/components/Sidebar' 
inside of [project]/


https://nextjs.org/docs/mess
ages/module-not-found


    at Module.init (turbopac
k:///[turbopack-node]/transf
orms/postcss.ts:43:33) [C:\2
035-HMS\multilevel_marketing
\.next\build\chunks\[root-of
-the-server]__6d51cb5d._.js:
155:35])
    at run (turbopack:///[tu
rbopack-node]/ipc/evaluate.t
s:77:20) [C:\2035-HMS\multil
evel_marketing\.next\build\c
hunks\[root-of-the-server]__
44695d76._.js:429:26])
    at <unknown> 
(./app/admin/layout.tsx:1:1)
    at <unknown> (https://ne
xtjs.org/docs/messages/modul
e-not-found)
